------------------------------------------------------------
TimeQuest Timing Analyzer Summary
------------------------------------------------------------

Type  : Slow 1200mV 100C Model Setup 'clock'
Slack : 4.683
TNS   : 0.000

Type  : Slow 1200mV 100C Model Setup 'altera_reserved_tck'
Slack : 44.257
TNS   : 0.000

Type  : Slow 1200mV 100C Model Hold 'clock'
Slack : 0.414
TNS   : 0.000

Type  : Slow 1200mV 100C Model Hold 'altera_reserved_tck'
Slack : 0.415
TNS   : 0.000

Type  : Slow 1200mV 100C Model Recovery 'clock'
Slack : 14.874
TNS   : 0.000

Type  : Slow 1200mV 100C Model Recovery 'altera_reserved_tck'
Slack : 96.392
TNS   : 0.000

Type  : Slow 1200mV 100C Model Removal 'altera_reserved_tck'
Slack : 1.267
TNS   : 0.000

Type  : Slow 1200mV 100C Model Removal 'clock'
Slack : 2.756
TNS   : 0.000

Type  : Slow 1200mV 100C Model Minimum Pulse Width 'clock'
Slack : 9.633
TNS   : 0.000

Type  : Slow 1200mV 100C Model Minimum Pulse Width 'altera_reserved_tck'
Slack : 49.581
TNS   : 0.000

Type  : Slow 1200mV -40C Model Setup 'clock'
Slack : 6.803
TNS   : 0.000

Type  : Slow 1200mV -40C Model Setup 'altera_reserved_tck'
Slack : 44.933
TNS   : 0.000

Type  : Slow 1200mV -40C Model Hold 'altera_reserved_tck'
Slack : 0.342
TNS   : 0.000

Type  : Slow 1200mV -40C Model Hold 'clock'
Slack : 0.342
TNS   : 0.000

Type  : Slow 1200mV -40C Model Recovery 'clock'
Slack : 15.841
TNS   : 0.000

Type  : Slow 1200mV -40C Model Recovery 'altera_reserved_tck'
Slack : 96.785
TNS   : 0.000

Type  : Slow 1200mV -40C Model Removal 'altera_reserved_tck'
Slack : 1.119
TNS   : 0.000

Type  : Slow 1200mV -40C Model Removal 'clock'
Slack : 2.332
TNS   : 0.000

Type  : Slow 1200mV -40C Model Minimum Pulse Width 'clock'
Slack : 9.638
TNS   : 0.000

Type  : Slow 1200mV -40C Model Minimum Pulse Width 'altera_reserved_tck'
Slack : 49.451
TNS   : 0.000

Type  : Fast 1200mV -40C Model Setup 'clock'
Slack : 12.253
TNS   : 0.000

Type  : Fast 1200mV -40C Model Setup 'altera_reserved_tck'
Slack : 47.490
TNS   : 0.000

Type  : Fast 1200mV -40C Model Hold 'altera_reserved_tck'
Slack : 0.178
TNS   : 0.000

Type  : Fast 1200mV -40C Model Hold 'clock'
Slack : 0.178
TNS   : 0.000

Type  : Fast 1200mV -40C Model Recovery 'clock'
Slack : 16.994
TNS   : 0.000

Type  : Fast 1200mV -40C Model Recovery 'altera_reserved_tck'
Slack : 98.229
TNS   : 0.000

Type  : Fast 1200mV -40C Model Removal 'altera_reserved_tck'
Slack : 0.568
TNS   : 0.000

Type  : Fast 1200mV -40C Model Removal 'clock'
Slack : 1.339
TNS   : 0.000

Type  : Fast 1200mV -40C Model Minimum Pulse Width 'clock'
Slack : 9.378
TNS   : 0.000

Type  : Fast 1200mV -40C Model Minimum Pulse Width 'altera_reserved_tck'
Slack : 49.462
TNS   : 0.000

------------------------------------------------------------
